nohup: ignoring input
group    layers  weights      %  MACs/frame      % act values      %
STEM          2      296    0.1       37888    0.1       4352    0.8
FUSION        2     1536    0.4      196608    0.4       6144    1.2
LSTM          1    40960   11.8     5242880   11.8      28672    5.4
CONVENC      12   131840   37.9    16875520   38.0     196608   37.0
LOCAL         9    25152    7.2     3219456    7.2      73728   13.9
ATTN         12    49152   14.1     6291456   14.2      98304   18.5
FFN           6    98304   28.3    12582912   28.3     122880   23.2
HEAD          1      704    0.2         704    0.0         64    0.0
total        45   347944           44447424            530752

spec                                                                   MACs A4 % weights kB
all=W4A4                                                                   100.0      169.9
all=W4A4,STEM=W4A8,HEAD=W4A8                                                99.9      169.9
all=W4A4,FUSION=W4A8                                                        99.6      169.9
all=W4A4,FUSION=W4A8,STEM=W4A8,HEAD=W4A8                                    99.5      169.9
all=W4A4,FUSION=W4A8,STEM=W4A8,HEAD=W4A8,ATTN=W4A8                          85.3      169.9
all=W4A4,FUSION=W4A8,STEM=W4A8,HEAD=W4A8,ATTN=W4A8,FFN=W4A8                 57.0      169.9
all=W4A4,FUSION=W4A8,STEM=W4A8,HEAD=W4A8,ATTN=W4A8,FFN=W4A8,CONVENC=W4A8      19.0      169.9
all=W4A4,FUSION=W4A8,STEM=W4A8,HEAD=W4A8,ATTN=W4A8,FFN=W4A8,CONVENC=W4A8,LSTM=W4A8       7.2      169.9
all=W4A8                                                                     0.0      169.9

wrote results/model_cost.csv and results/model_cost_specs.csv
[data] loaded cached split /home/abdoa/amc/IQFormer/dataset/RML2016.10a_dict.pkl.split_seed233_snr-20_18.npz

runs/iqformer_s1: FP32 63.44%
  all=W4A4                                    34.47%  delta  -28.97 pp  flips 29513 (worse 15322, better 2575, McNemar p=0)  0.218 MB
  all=W4A4,STEM=W4A8,HEAD=W4A8                33.36%  delta  -30.08 pp  flips 29862 (worse 15519, better 2283, McNemar p=0)  0.218 MB
  all=W4A4,FUSION=W4A8                        37.32%  delta  -26.12 pp  flips 28330 (worse 14225, better 2734, McNemar p=0)  0.218 MB
  all=W4A4,FUSION=W4A8,STEM=W4A8,HEAD=W4A8    33.83%  delta  -29.60 pp  flips 29900 (worse 15726, better 2700, McNemar p=0)  0.218 MB
  all=W4A4,FUSION=W4A8,STEM=W4A8,HEAD=W4A8,ATTN=W4A8  48.02%  delta  -15.42 pp  flips 22054 (worse 9470, better 2685, McNemar p=0)  0.218 MB
  all=W4A4,FUSION=W4A8,STEM=W4A8,HEAD=W4A8,ATTN=W4A8,FFN=W4A8  51.67%  delta  -11.77 pp  flips 16569 (worse 7720, better 2541, McNemar p=0)  0.218 MB
  all=W4A4,FUSION=W4A8,STEM=W4A8,HEAD=W4A8,ATTN=W4A8,FFN=W4A8,CONVENC=W4A8  61.64%  delta   -1.80 pp  flips  6262 (worse 2040, better 1247, McNemar p=8.13e-44)  0.218 MB
  all=W4A4,FUSION=W4A8,STEM=W4A8,HEAD=W4A8,ATTN=W4A8,FFN=W4A8,CONVENC=W4A8,LSTM=W4A8  62.28%  delta   -1.16 pp  flips  5256 (worse 1582, better 1072, McNemar p=3.74e-23)  0.218 MB
  all=W4A8                                    62.81%  delta   -0.63 pp  flips  3436 (worse 972, better 696, McNemar p=1.49e-11)  0.218 MB

runs/iqformer_s2: FP32 63.90%
  all=W4A4                                    26.14%  delta  -37.77 pp  flips 32876 (worse 18494, better 1877, McNemar p=0)  0.218 MB
  all=W4A4,STEM=W4A8,HEAD=W4A8                26.17%  delta  -37.73 pp  flips 32228 (worse 18122, better 1520, McNemar p=0)  0.218 MB
  all=W4A4,FUSION=W4A8                        33.94%  delta  -29.96 pp  flips 29836 (worse 15893, better 2710, McNemar p=0)  0.218 MB
  all=W4A4,FUSION=W4A8,STEM=W4A8,HEAD=W4A8    34.94%  delta  -28.96 pp  flips 28299 (worse 14848, better 2105, McNemar p=0)  0.218 MB
  all=W4A4,FUSION=W4A8,STEM=W4A8,HEAD=W4A8,ATTN=W4A8  44.06%  delta  -19.84 pp  flips 20358 (worse 10303, better 1572, McNemar p=0)  0.218 MB
  all=W4A4,FUSION=W4A8,STEM=W4A8,HEAD=W4A8,ATTN=W4A8,FFN=W4A8  51.95%  delta  -11.95 pp  flips 10467 (worse 6252, better 994, McNemar p=0)  0.218 MB
  all=W4A4,FUSION=W4A8,STEM=W4A8,HEAD=W4A8,ATTN=W4A8,FFN=W4A8,CONVENC=W4A8  61.77%  delta   -2.14 pp  flips  5333 (worse 1816, better 875, McNemar p=6.54e-75)  0.218 MB
  all=W4A4,FUSION=W4A8,STEM=W4A8,HEAD=W4A8,ATTN=W4A8,FFN=W4A8,CONVENC=W4A8,LSTM=W4A8  62.94%  delta   -0.96 pp  flips  3682 (worse 1105, better 681, McNemar p=8.6e-24)  0.218 MB
  all=W4A8                                    63.34%  delta   -0.56 pp  flips  2610 (worse 768, better 520, McNemar p=5.08e-12)  0.218 MB

runs/iqformer_s3: FP32 64.02%
  all=W4A4                                    25.24%  delta  -38.78 pp  flips 32891 (worse 18398, better 1337, McNemar p=0)  0.218 MB
  all=W4A4,STEM=W4A8,HEAD=W4A8                27.07%  delta  -36.95 pp  flips 32241 (worse 17554, better 1296, McNemar p=0)  0.218 MB
  all=W4A4,FUSION=W4A8                        32.64%  delta  -31.38 pp  flips 29016 (worse 15533, better 1727, McNemar p=0)  0.218 MB
  all=W4A4,FUSION=W4A8,STEM=W4A8,HEAD=W4A8    38.40%  delta  -25.61 pp  flips 25839 (worse 12837, better 1567, McNemar p=0)  0.218 MB
  all=W4A4,FUSION=W4A8,STEM=W4A8,HEAD=W4A8,ATTN=W4A8  47.59%  delta  -16.42 pp  flips 19700 (worse 8786, better 1560, McNemar p=0)  0.218 MB
  all=W4A4,FUSION=W4A8,STEM=W4A8,HEAD=W4A8,ATTN=W4A8,FFN=W4A8  56.07%  delta   -7.95 pp  flips 10796 (worse 4720, better 1222, McNemar p=0)  0.218 MB
  all=W4A4,FUSION=W4A8,STEM=W4A8,HEAD=W4A8,ATTN=W4A8,FFN=W4A8,CONVENC=W4A8  62.52%  delta   -1.50 pp  flips  5448 (worse 1520, better 862, McNemar p=8.05e-42)  0.218 MB
  all=W4A4,FUSION=W4A8,STEM=W4A8,HEAD=W4A8,ATTN=W4A8,FFN=W4A8,CONVENC=W4A8,LSTM=W4A8  63.18%  delta   -0.84 pp  flips  4263 (worse 1103, better 734, McNemar p=7.01e-18)  0.218 MB
  all=W4A8                                    63.45%  delta   -0.57 pp  flips  3461 (worse 858, better 608, McNemar p=7.09e-11)  0.218 MB

wrote results/step5b_a8path_calib0/ptq_runs.csv and ptq_summary.csv
[data] loaded cached split /home/abdoa/amc/IQFormer/dataset/RML2016.10a_dict.pkl.split_seed233_snr-20_18.npz

runs/iqformer_s1: FP32 63.44%
  all=W4A4                                    34.07%  delta  -29.37 pp  flips 29986 (worse 15782, better 2859, McNemar p=0)  0.218 MB
  all=W4A4,STEM=W4A8,HEAD=W4A8                32.59%  delta  -30.85 pp  flips 30347 (worse 16083, better 2508, McNemar p=0)  0.218 MB
  all=W4A4,FUSION=W4A8                        37.17%  delta  -26.27 pp  flips 28489 (worse 14415, better 2857, McNemar p=0)  0.218 MB
  all=W4A4,FUSION=W4A8,STEM=W4A8,HEAD=W4A8    33.50%  delta  -29.93 pp  flips 29846 (worse 15736, better 2565, McNemar p=0)  0.218 MB
  all=W4A4,FUSION=W4A8,STEM=W4A8,HEAD=W4A8,ATTN=W4A8  48.20%  delta  -15.24 pp  flips 21875 (worse 9486, better 2779, McNemar p=0)  0.218 MB
  all=W4A4,FUSION=W4A8,STEM=W4A8,HEAD=W4A8,ATTN=W4A8,FFN=W4A8  53.18%  delta  -10.26 pp  flips 15210 (worse 6939, better 2425, McNemar p=0)  0.218 MB
  all=W4A4,FUSION=W4A8,STEM=W4A8,HEAD=W4A8,ATTN=W4A8,FFN=W4A8,CONVENC=W4A8  61.40%  delta   -2.04 pp  flips  6642 (worse 2223, better 1324, McNemar p=6.49e-52)  0.218 MB
  all=W4A4,FUSION=W4A8,STEM=W4A8,HEAD=W4A8,ATTN=W4A8,FFN=W4A8,CONVENC=W4A8,LSTM=W4A8  62.38%  delta   -1.06 pp  flips  5107 (worse 1516, better 1050, McNemar p=3.43e-20)  0.218 MB
  all=W4A8                                    62.85%  delta   -0.59 pp  flips  3339 (worse 946, better 688, McNemar p=1.88e-10)  0.218 MB

runs/iqformer_s2: FP32 63.90%
  all=W4A4                                    25.32%  delta  -38.59 pp  flips 33147 (worse 18928, better 1949, McNemar p=0)  0.218 MB
  all=W4A4,STEM=W4A8,HEAD=W4A8                25.31%  delta  -38.60 pp  flips 32567 (worse 18475, better 1492, McNemar p=0)  0.218 MB
  all=W4A4,FUSION=W4A8                        30.47%  delta  -33.43 pp  flips 31273 (worse 17324, better 2614, McNemar p=0)  0.218 MB
  all=W4A4,FUSION=W4A8,STEM=W4A8,HEAD=W4A8    31.28%  delta  -32.63 pp  flips 30147 (worse 16430, better 2074, McNemar p=0)  0.218 MB
  all=W4A4,FUSION=W4A8,STEM=W4A8,HEAD=W4A8,ATTN=W4A8  38.32%  delta  -25.58 pp  flips 24451 (worse 12766, better 1509, McNemar p=0)  0.218 MB
  all=W4A4,FUSION=W4A8,STEM=W4A8,HEAD=W4A8,ATTN=W4A8,FFN=W4A8  46.93%  delta  -16.97 pp  flips 15511 (worse 8725, better 1257, McNemar p=0)  0.218 MB
  all=W4A4,FUSION=W4A8,STEM=W4A8,HEAD=W4A8,ATTN=W4A8,FFN=W4A8,CONVENC=W4A8  59.03%  delta   -4.88 pp  flips  8896 (worse 3322, better 1175, McNemar p=5.02e-234)  0.218 MB
  all=W4A4,FUSION=W4A8,STEM=W4A8,HEAD=W4A8,ATTN=W4A8,FFN=W4A8,CONVENC=W4A8,LSTM=W4A8  62.85%  delta   -1.05 pp  flips  3953 (worse 1180, better 717, McNemar p=1.56e-26)  0.218 MB
  all=W4A8                                    63.39%  delta   -0.52 pp  flips  2591 (worse 753, better 526, McNemar p=2.36e-10)  0.218 MB

runs/iqformer_s3: FP32 64.02%
  all=W4A4                                    22.99%  delta  -41.03 pp  flips 34173 (worse 19499, better 1448, McNemar p=0)  0.218 MB
  all=W4A4,STEM=W4A8,HEAD=W4A8                25.06%  delta  -38.95 pp  flips 33291 (worse 18548, better 1409, McNemar p=0)  0.218 MB
  all=W4A4,FUSION=W4A8                        31.61%  delta  -32.41 pp  flips 29489 (worse 15915, better 1656, McNemar p=0)  0.218 MB
  all=W4A4,FUSION=W4A8,STEM=W4A8,HEAD=W4A8    36.73%  delta  -27.29 pp  flips 26422 (worse 13462, better 1456, McNemar p=0)  0.218 MB
  all=W4A4,FUSION=W4A8,STEM=W4A8,HEAD=W4A8,ATTN=W4A8  45.99%  delta  -18.02 pp  flips 20250 (worse 9468, better 1538, McNemar p=0)  0.218 MB
  all=W4A4,FUSION=W4A8,STEM=W4A8,HEAD=W4A8,ATTN=W4A8,FFN=W4A8  54.57%  delta   -9.45 pp  flips 12645 (worse 5483, better 1327, McNemar p=0)  0.218 MB
  all=W4A4,FUSION=W4A8,STEM=W4A8,HEAD=W4A8,ATTN=W4A8,FFN=W4A8,CONVENC=W4A8  61.51%  delta   -2.51 pp  flips  7143 (worse 2090, better 987, McNemar p=9.29e-90)  0.218 MB
  all=W4A4,FUSION=W4A8,STEM=W4A8,HEAD=W4A8,ATTN=W4A8,FFN=W4A8,CONVENC=W4A8,LSTM=W4A8  63.20%  delta   -0.82 pp  flips  4082 (worse 1045, better 684, McNemar p=3.65e-18)  0.218 MB
  all=W4A8                                    63.47%  delta   -0.54 pp  flips  3474 (worse 853, better 614, McNemar p=4.75e-10)  0.218 MB

wrote results/step5b_a8path_calib1/ptq_runs.csv and ptq_summary.csv
[data] loaded cached split /home/abdoa/amc/IQFormer/dataset/RML2016.10a_dict.pkl.split_seed233_snr-20_18.npz

runs/iqformer_s1: FP32 63.44%
  all=W4A4                                    31.10%  delta  -32.33 pp  flips 31098 (worse 16799, better 2572, McNemar p=0)  0.218 MB
  all=W4A4,STEM=W4A8,HEAD=W4A8                29.79%  delta  -33.65 pp  flips 31478 (worse 17060, better 2254, McNemar p=0)  0.218 MB
  all=W4A4,FUSION=W4A8                        35.69%  delta  -27.75 pp  flips 29104 (worse 15054, better 2845, McNemar p=0)  0.218 MB
  all=W4A4,FUSION=W4A8,STEM=W4A8,HEAD=W4A8    32.21%  delta  -31.23 pp  flips 30468 (worse 16428, better 2687, McNemar p=0)  0.218 MB
  all=W4A4,FUSION=W4A8,STEM=W4A8,HEAD=W4A8,ATTN=W4A8  46.42%  delta  -17.02 pp  flips 22709 (worse 10256, better 2768, McNemar p=0)  0.218 MB
  all=W4A4,FUSION=W4A8,STEM=W4A8,HEAD=W4A8,ATTN=W4A8,FFN=W4A8  50.53%  delta  -12.91 pp  flips 17556 (worse 8275, better 2596, McNemar p=0)  0.218 MB
  all=W4A4,FUSION=W4A8,STEM=W4A8,HEAD=W4A8,ATTN=W4A8,FFN=W4A8,CONVENC=W4A8  61.50%  delta   -1.94 pp  flips  6712 (worse 2171, better 1316, McNemar p=7.2e-48)  0.218 MB
  all=W4A4,FUSION=W4A8,STEM=W4A8,HEAD=W4A8,ATTN=W4A8,FFN=W4A8,CONVENC=W4A8,LSTM=W4A8  62.21%  delta   -1.23 pp  flips  5645 (worse 1658, better 1117, McNemar p=8.37e-25)  0.218 MB
  all=W4A8                                    62.79%  delta   -0.65 pp  flips  3562 (worse 995, better 709, McNemar p=4.51e-12)  0.218 MB

runs/iqformer_s2: FP32 63.90%
  all=W4A4                                    27.39%  delta  -36.51 pp  flips 32293 (worse 17892, better 1826, McNemar p=0)  0.218 MB
  all=W4A4,STEM=W4A8,HEAD=W4A8                24.83%  delta  -39.08 pp  flips 33192 (worse 18698, better 1505, McNemar p=0)  0.218 MB
  all=W4A4,FUSION=W4A8                        38.68%  delta  -25.22 pp  flips 28039 (worse 13796, better 2698, McNemar p=0)  0.218 MB
  all=W4A4,FUSION=W4A8,STEM=W4A8,HEAD=W4A8    32.81%  delta  -31.09 pp  flips 30099 (worse 15965, better 2284, McNemar p=0)  0.218 MB
  all=W4A4,FUSION=W4A8,STEM=W4A8,HEAD=W4A8,ATTN=W4A8  42.45%  delta  -21.45 pp  flips 22620 (worse 11051, better 1612, McNemar p=0)  0.218 MB
  all=W4A4,FUSION=W4A8,STEM=W4A8,HEAD=W4A8,ATTN=W4A8,FFN=W4A8  52.01%  delta  -11.90 pp  flips 11850 (worse 6335, better 1101, McNemar p=0)  0.218 MB
  all=W4A4,FUSION=W4A8,STEM=W4A8,HEAD=W4A8,ATTN=W4A8,FFN=W4A8,CONVENC=W4A8  61.49%  delta   -2.41 pp  flips  5734 (worse 1981, better 919, McNemar p=2.11e-88)  0.218 MB
  all=W4A4,FUSION=W4A8,STEM=W4A8,HEAD=W4A8,ATTN=W4A8,FFN=W4A8,CONVENC=W4A8,LSTM=W4A8  62.92%  delta   -0.98 pp  flips  3722 (worse 1117, better 684, McNemar p=1.47e-24)  0.218 MB
  all=W4A8                                    63.36%  delta   -0.55 pp  flips  2612 (worse 762, better 521, McNemar p=1.82e-11)  0.218 MB

runs/iqformer_s3: FP32 64.02%
  all=W4A4                                    24.01%  delta  -40.01 pp  flips 33649 (worse 18995, better 1391, McNemar p=0)  0.218 MB
  all=W4A4,STEM=W4A8,HEAD=W4A8                27.79%  delta  -36.23 pp  flips 31913 (worse 17270, better 1329, McNemar p=0)  0.218 MB
  all=W4A4,FUSION=W4A8                        32.59%  delta  -31.43 pp  flips 28890 (worse 15528, better 1699, McNemar p=0)  0.218 MB
  all=W4A4,FUSION=W4A8,STEM=W4A8,HEAD=W4A8    38.18%  delta  -25.84 pp  flips 26034 (worse 12933, better 1565, McNemar p=0)  0.218 MB
  all=W4A4,FUSION=W4A8,STEM=W4A8,HEAD=W4A8,ATTN=W4A8  47.41%  delta  -16.60 pp  flips 19668 (worse 8883, better 1578, McNemar p=0)  0.218 MB
  all=W4A4,FUSION=W4A8,STEM=W4A8,HEAD=W4A8,ATTN=W4A8,FFN=W4A8  56.33%  delta   -7.68 pp  flips 10372 (worse 4595, better 1214, McNemar p=0)  0.218 MB
  all=W4A4,FUSION=W4A8,STEM=W4A8,HEAD=W4A8,ATTN=W4A8,FFN=W4A8,CONVENC=W4A8  62.60%  delta   -1.42 pp  flips  5408 (worse 1496, better 872, McNemar p=6e-38)  0.218 MB
  all=W4A4,FUSION=W4A8,STEM=W4A8,HEAD=W4A8,ATTN=W4A8,FFN=W4A8,CONVENC=W4A8,LSTM=W4A8  63.20%  delta   -0.82 pp  flips  4103 (worse 1057, better 696, McNemar p=6.21e-18)  0.218 MB
  all=W4A8                                    63.55%  delta   -0.47 pp  flips  3358 (worse 814, better 608, McNemar p=5.17e-08)  0.218 MB

wrote results/step5b_a8path_calib2/ptq_runs.csv and ptq_summary.csv
calib                                                                                                    0      1      2   mean  range_pp   fp32  change_pp
spec                                                                               run                                                                     
all=W4A4                                                                           runs/iqformer_s1  34.47  34.07  31.10  33.21      3.36  63.44     -30.22
                                                                                   runs/iqformer_s2  26.14  25.32  27.39  26.28      2.07  63.90     -37.62
                                                                                   runs/iqformer_s3  25.24  22.99  24.01  24.08      2.25  64.02     -39.94
all=W4A4,STEM=W4A8,HEAD=W4A8                                                       runs/iqformer_s1  33.36  32.59  29.79  31.91      3.57  63.44     -31.53
                                                                                   runs/iqformer_s2  26.17  25.31  24.83  25.44      1.34  63.90     -38.47
                                                                                   runs/iqformer_s3  27.07  25.06  27.79  26.64      2.72  64.02     -37.38
all=W4A4,FUSION=W4A8                                                               runs/iqformer_s1  37.32  37.17  35.69  36.73      1.63  63.44     -26.71
                                                                                   runs/iqformer_s2  33.94  30.47  38.68  34.37      8.21  63.90     -29.54
                                                                                   runs/iqformer_s3  32.64  31.61  32.59  32.28      1.03  64.02     -31.74
all=W4A4,FUSION=W4A8,STEM=W4A8,HEAD=W4A8                                           runs/iqformer_s1  33.83  33.50  32.21  33.18      1.62  63.44     -30.26
                                                                                   runs/iqformer_s2  34.94  31.28  32.81  33.01      3.67  63.90     -30.89
                                                                                   runs/iqformer_s3  38.40  36.73  38.18  37.77      1.67  64.02     -26.25
all=W4A4,FUSION=W4A8,STEM=W4A8,HEAD=W4A8,ATTN=W4A8                                 runs/iqformer_s1  48.02  48.20  46.42  47.54      1.77  63.44     -15.89
                                                                                   runs/iqformer_s2  44.06  38.32  42.45  41.61      5.74  63.90     -22.29
                                                                                   runs/iqformer_s3  47.59  45.99  47.41  47.00      1.60  64.02     -17.02
all=W4A4,FUSION=W4A8,STEM=W4A8,HEAD=W4A8,ATTN=W4A8,FFN=W4A8                        runs/iqformer_s1  51.67  53.18  50.53  51.79      2.65  63.44     -11.65
                                                                                   runs/iqformer_s2  51.95  46.93  52.01  50.30      5.08  63.90     -13.61
                                                                                   runs/iqformer_s3  56.07  54.57  56.33  55.66      1.76  64.02      -8.36
all=W4A4,FUSION=W4A8,STEM=W4A8,HEAD=W4A8,ATTN=W4A8,FFN=W4A8,CONVENC=W4A8           runs/iqformer_s1  61.64  61.40  61.50  61.51      0.24  63.44      -1.93
                                                                                   runs/iqformer_s2  61.77  59.03  61.49  60.76      2.74  63.90      -3.14
                                                                                   runs/iqformer_s3  62.52  61.51  62.60  62.21      1.09  64.02      -1.81
all=W4A4,FUSION=W4A8,STEM=W4A8,HEAD=W4A8,ATTN=W4A8,FFN=W4A8,CONVENC=W4A8,LSTM=W4A8 runs/iqformer_s1  62.28  62.38  62.21  62.29      0.17  63.44      -1.15
                                                                                   runs/iqformer_s2  62.94  62.85  62.92  62.90      0.09  63.90      -1.00
                                                                                   runs/iqformer_s3  63.18  63.20  63.20  63.19      0.02  64.02      -0.83
all=W4A8                                                                           runs/iqformer_s1  62.81  62.85  62.79  62.82      0.06  63.44      -0.62
                                                                                   runs/iqformer_s2  63.34  63.39  63.36  63.36      0.05  63.90      -0.54
                                                                                   runs/iqformer_s3  63.45  63.47  63.55  63.49      0.10  64.02      -0.53

Per precision (mean over models of the mean over calibration sets):
                                                                                    models  acc_mean  acc_sd_models  change_pp  worst_range_pp
spec                                                                                                                                          
all=W4A4                                                                                 3     27.86           4.77     -35.93            3.36
all=W4A4,STEM=W4A8,HEAD=W4A8                                                             3     28.00           3.44     -35.79            3.57
all=W4A4,FUSION=W4A8                                                                     3     34.46           2.23     -29.33            8.21
all=W4A4,FUSION=W4A8,STEM=W4A8,HEAD=W4A8                                                 3     34.65           2.70     -29.13            3.67
all=W4A4,FUSION=W4A8,STEM=W4A8,HEAD=W4A8,ATTN=W4A8                                       3     45.39           3.28     -18.40            5.74
all=W4A4,FUSION=W4A8,STEM=W4A8,HEAD=W4A8,ATTN=W4A8,FFN=W4A8                              3     52.58           2.76     -11.20            5.08
all=W4A4,FUSION=W4A8,STEM=W4A8,HEAD=W4A8,ATTN=W4A8,FFN=W4A8,CONVENC=W4A8                 3     61.49           0.72      -2.29            2.74
all=W4A4,FUSION=W4A8,STEM=W4A8,HEAD=W4A8,ATTN=W4A8,FFN=W4A8,CONVENC=W4A8,LSTM=W4A8       3     62.79           0.46      -0.99            0.17
all=W4A8                                                                                 3     63.22           0.36      -0.56            0.10

wrote results/step5b_a8path_calib_detail.csv and results/step5b_a8path_calib_summary.csv
>>> paste results/step5b_a8path_calib_summary.csv and results/model_cost_specs.csv
[data] loaded cached split /home/abdoa/amc/IQFormer/dataset/RML2016.10a_dict.pkl.split_seed233_snr-20_18.npz

iqformer_s1: median usable 4-bit levels per group: {'STEM': 3.76, 'FUSION': 3.42, 'CONVENC': 2.16, 'LOCAL': 2.57, 'ATTN': 2.47, 'FFN': 2.63, 'LSTM': 6.04, 'HEAD': 4.22}
  fusion input, IQ stem  : range -5.415 .. +5.189  -> 16.0 of 16 levels with one shared scale
  fusion input, STFT stem: range +0.000 .. +4.272  -> 6.4 of 16 levels with one shared scale
  calib 0  all=W4A4      whole: min-max                                34.47%  ( -28.97 pp)
  calib 0  all=W4A4      whole: clip 99.99                             53.24%  ( -10.20 pp)
  calib 0  all=W4A4      whole: clip 99.9                              58.94%  (  -4.50 pp)
  calib 0  all=W4A4      whole: clip 99                                56.50%  (  -6.94 pp)
  calib 0  all=W32A4     whole: min-max                                36.12%  ( -27.31 pp)
  calib 0  all=W32A4     whole: clip 99.99                             55.73%  (  -7.71 pp)
  calib 0  all=W32A4     whole: clip 99.9                              61.33%  (  -2.11 pp)
  calib 0  all=W32A4     whole: clip 99                                57.73%  (  -5.70 pp)
  calib 0  FUSION=W32A4  fusion only: min-max (= Step 5)               56.23%  (  -7.21 pp)
  calib 0  FUSION=W32A4  fusion only: clip 99.9                        62.85%  (  -0.59 pp)
  calib 0  FUSION=W32A4  fusion only: clip 99                          62.58%  (  -0.86 pp)
  calib 0  FUSION=W32A4  fusion only: one scale per branch             56.27%  (  -7.16 pp)
  calib 0  FUSION=W32A4  fusion only: one scale per channel            57.50%  (  -5.94 pp)
  calib 0  all=W32A4     whole: one scale per fusion branch            35.50%  ( -27.94 pp)
  calib 0  all=W4A4      whole: one scale per fusion branch            33.38%  ( -30.05 pp)
  calib 0  all=W32A4     whole: one scale per channel (upper bound)    57.83%  (  -5.61 pp)
  calib 1  all=W4A4      whole: min-max                                34.07%  ( -29.37 pp)
  calib 1  all=W4A4      whole: clip 99.99                             53.65%  (  -9.79 pp)
  calib 1  all=W4A4      whole: clip 99.9                              58.69%  (  -4.75 pp)
  calib 1  all=W4A4      whole: clip 99                                57.21%  (  -6.22 pp)
  calib 1  all=W32A4     whole: min-max                                33.42%  ( -30.02 pp)
  calib 1  all=W32A4     whole: clip 99.99                             55.13%  (  -8.31 pp)
  calib 1  all=W32A4     whole: clip 99.9                              61.18%  (  -2.26 pp)
  calib 1  all=W32A4     whole: clip 99                                57.83%  (  -5.61 pp)
  calib 1  FUSION=W32A4  fusion only: min-max (= Step 5)               56.63%  (  -6.81 pp)
  calib 1  FUSION=W32A4  fusion only: clip 99.9                        62.83%  (  -0.61 pp)
  calib 1  FUSION=W32A4  fusion only: clip 99                          62.57%  (  -0.87 pp)
  calib 1  FUSION=W32A4  fusion only: one scale per branch             56.70%  (  -6.74 pp)
  calib 1  FUSION=W32A4  fusion only: one scale per channel            57.35%  (  -6.08 pp)
  calib 1  all=W32A4     whole: one scale per fusion branch            33.30%  ( -30.13 pp)
  calib 1  all=W4A4      whole: one scale per fusion branch            31.56%  ( -31.88 pp)
  calib 1  all=W32A4     whole: one scale per channel (upper bound)    58.34%  (  -5.10 pp)
  calib 2  all=W4A4      whole: min-max                                31.10%  ( -32.33 pp)
  calib 2  all=W4A4      whole: clip 99.99                             53.47%  (  -9.97 pp)
  calib 2  all=W4A4      whole: clip 99.9                              58.40%  (  -5.04 pp)
  calib 2  all=W4A4      whole: clip 99                                56.81%  (  -6.63 pp)
  calib 2  all=W32A4     whole: min-max                                35.39%  ( -28.05 pp)
  calib 2  all=W32A4     whole: clip 99.99                             55.55%  (  -7.89 pp)
  calib 2  all=W32A4     whole: clip 99.9                              60.92%  (  -2.51 pp)
  calib 2  all=W32A4     whole: clip 99                                57.95%  (  -5.48 pp)
  calib 2  FUSION=W32A4  fusion only: min-max (= Step 5)               56.98%  (  -6.46 pp)
  calib 2  FUSION=W32A4  fusion only: clip 99.9                        62.81%  (  -0.63 pp)
  calib 2  FUSION=W32A4  fusion only: clip 99                          62.55%  (  -0.89 pp)
  calib 2  FUSION=W32A4  fusion only: one scale per branch             57.00%  (  -6.44 pp)
  calib 2  FUSION=W32A4  fusion only: one scale per channel            57.53%  (  -5.91 pp)
  calib 2  all=W32A4     whole: one scale per fusion branch            36.03%  ( -27.41 pp)
  calib 2  all=W4A4      whole: one scale per fusion branch            32.59%  ( -30.85 pp)
  calib 2  all=W32A4     whole: one scale per channel (upper bound)    56.97%  (  -6.47 pp)

iqformer_s2: median usable 4-bit levels per group: {'STEM': 3.87, 'FUSION': 3.44, 'CONVENC': 2.69, 'LOCAL': 2.8, 'ATTN': 2.66, 'FFN': 2.87, 'LSTM': 4.27, 'HEAD': 4.8}
  fusion input, IQ stem  : range -5.124 .. +4.643  -> 14.4 of 16 levels with one shared scale
  fusion input, STFT stem: range +0.000 .. +5.708  -> 8.4 of 16 levels with one shared scale
  calib 0  all=W4A4      whole: min-max                                26.14%  ( -37.77 pp)
  calib 0  all=W4A4      whole: clip 99.99                             50.83%  ( -13.08 pp)
  calib 0  all=W4A4      whole: clip 99.9                              58.04%  (  -5.87 pp)
  calib 0  all=W4A4      whole: clip 99                                55.10%  (  -8.81 pp)
  calib 0  all=W32A4     whole: min-max                                25.62%  ( -38.28 pp)
  calib 0  all=W32A4     whole: clip 99.99                             52.75%  ( -11.15 pp)
  calib 0  all=W32A4     whole: clip 99.9                              59.02%  (  -4.89 pp)
  calib 0  all=W32A4     whole: clip 99                                55.20%  (  -8.71 pp)
  calib 0  FUSION=W32A4  fusion only: min-max (= Step 5)               60.80%  (  -3.10 pp)
  calib 0  FUSION=W32A4  fusion only: clip 99.9                        63.52%  (  -0.38 pp)
  calib 0  FUSION=W32A4  fusion only: clip 99                          63.65%  (  -0.25 pp)
  calib 0  FUSION=W32A4  fusion only: one scale per branch             61.36%  (  -2.55 pp)
  calib 0  FUSION=W32A4  fusion only: one scale per channel            61.50%  (  -2.40 pp)
  calib 0  all=W32A4     whole: one scale per fusion branch            25.61%  ( -38.29 pp)
  calib 0  all=W4A4      whole: one scale per fusion branch            26.17%  ( -37.74 pp)
  calib 0  all=W32A4     whole: one scale per channel (upper bound)    58.51%  (  -5.40 pp)
  calib 1  all=W4A4      whole: min-max                                25.32%  ( -38.59 pp)
  calib 1  all=W4A4      whole: clip 99.99                             50.67%  ( -13.23 pp)
  calib 1  all=W4A4      whole: clip 99.9                              57.94%  (  -5.97 pp)
  calib 1  all=W4A4      whole: clip 99                                55.32%  (  -8.59 pp)
  calib 1  all=W32A4     whole: min-max                                24.05%  ( -39.85 pp)
  calib 1  all=W32A4     whole: clip 99.99                             51.75%  ( -12.15 pp)
  calib 1  all=W32A4     whole: clip 99.9                              59.06%  (  -4.85 pp)
  calib 1  all=W32A4     whole: clip 99                                55.41%  (  -8.49 pp)
  calib 1  FUSION=W32A4  fusion only: min-max (= Step 5)               60.68%  (  -3.22 pp)
  calib 1  FUSION=W32A4  fusion only: clip 99.9                        63.53%  (  -0.38 pp)
  calib 1  FUSION=W32A4  fusion only: clip 99                          63.68%  (  -0.22 pp)
  calib 1  FUSION=W32A4  fusion only: one scale per branch             61.03%  (  -2.88 pp)
  calib 1  FUSION=W32A4  fusion only: one scale per channel            61.17%  (  -2.73 pp)
  calib 1  all=W32A4     whole: one scale per fusion branch            24.15%  ( -39.76 pp)
  calib 1  all=W4A4      whole: one scale per fusion branch            24.29%  ( -39.61 pp)
  calib 1  all=W32A4     whole: one scale per channel (upper bound)    58.25%  (  -5.65 pp)
  calib 2  all=W4A4      whole: min-max                                27.39%  ( -36.51 pp)
  calib 2  all=W4A4      whole: clip 99.99                             50.56%  ( -13.34 pp)
  calib 2  all=W4A4      whole: clip 99.9                              58.39%  (  -5.52 pp)
  calib 2  all=W4A4      whole: clip 99                                55.69%  (  -8.21 pp)
  calib 2  all=W32A4     whole: min-max                                27.73%  ( -36.18 pp)
  calib 2  all=W32A4     whole: clip 99.99                             51.91%  ( -12.00 pp)
  calib 2  all=W32A4     whole: clip 99.9                              58.90%  (  -5.00 pp)
  calib 2  all=W32A4     whole: clip 99                                55.87%  (  -8.04 pp)
  calib 2  FUSION=W32A4  fusion only: min-max (= Step 5)               60.72%  (  -3.19 pp)
  calib 2  FUSION=W32A4  fusion only: clip 99.9                        63.56%  (  -0.34 pp)
  calib 2  FUSION=W32A4  fusion only: clip 99                          63.66%  (  -0.24 pp)
  calib 2  FUSION=W32A4  fusion only: one scale per branch             61.43%  (  -2.47 pp)
  calib 2  FUSION=W32A4  fusion only: one scale per channel            61.56%  (  -2.34 pp)
  calib 2  all=W32A4     whole: one scale per fusion branch            29.21%  ( -34.69 pp)
  calib 2  all=W4A4      whole: one scale per fusion branch            26.07%  ( -37.84 pp)
  calib 2  all=W32A4     whole: one scale per channel (upper bound)    58.38%  (  -5.52 pp)

iqformer_s3: median usable 4-bit levels per group: {'STEM': 3.8, 'FUSION': 3.59, 'CONVENC': 2.07, 'LOCAL': 2.2, 'ATTN': 2.68, 'FFN': 3.03, 'LSTM': 4.91, 'HEAD': 4.03}
  fusion input, IQ stem  : range -5.508 .. +5.810  -> 16.0 of 16 levels with one shared scale
  fusion input, STFT stem: range +0.000 .. +4.795  -> 6.8 of 16 levels with one shared scale
  calib 0  all=W4A4      whole: min-max                                25.24%  ( -38.78 pp)
  calib 0  all=W4A4      whole: clip 99.99                             54.58%  (  -9.44 pp)
  calib 0  all=W4A4      whole: clip 99.9                              60.02%  (  -3.99 pp)
  calib 0  all=W4A4      whole: clip 99                                58.65%  (  -5.37 pp)
  calib 0  all=W32A4     whole: min-max                                28.73%  ( -35.29 pp)
  calib 0  all=W32A4     whole: clip 99.99                             57.72%  (  -6.30 pp)
  calib 0  all=W32A4     whole: clip 99.9                              62.04%  (  -1.98 pp)
  calib 0  all=W32A4     whole: clip 99                                59.52%  (  -4.50 pp)
  calib 0  FUSION=W32A4  fusion only: min-max (= Step 5)               56.38%  (  -7.64 pp)
  calib 0  FUSION=W32A4  fusion only: clip 99.9                        63.71%  (  -0.31 pp)
  calib 0  FUSION=W32A4  fusion only: clip 99                          63.70%  (  -0.31 pp)
  calib 0  FUSION=W32A4  fusion only: one scale per branch             57.22%  (  -6.80 pp)
  calib 0  FUSION=W32A4  fusion only: one scale per channel            58.23%  (  -5.78 pp)
  calib 0  all=W32A4     whole: one scale per fusion branch            28.43%  ( -35.58 pp)
  calib 0  all=W4A4      whole: one scale per fusion branch            24.77%  ( -39.24 pp)
  calib 0  all=W32A4     whole: one scale per channel (upper bound)    60.85%  (  -3.17 pp)
  calib 1  all=W4A4      whole: min-max                                22.99%  ( -41.03 pp)
  calib 1  all=W4A4      whole: clip 99.99                             53.80%  ( -10.22 pp)
  calib 1  all=W4A4      whole: clip 99.9                              60.03%  (  -3.98 pp)
  calib 1  all=W4A4      whole: clip 99                                58.69%  (  -5.32 pp)
  calib 1  all=W32A4     whole: min-max                                26.97%  ( -37.05 pp)
  calib 1  all=W32A4     whole: clip 99.99                             57.83%  (  -6.18 pp)
  calib 1  all=W32A4     whole: clip 99.9                              61.84%  (  -2.17 pp)
  calib 1  all=W32A4     whole: clip 99                                59.58%  (  -4.44 pp)
  calib 1  FUSION=W32A4  fusion only: min-max (= Step 5)               55.72%  (  -8.30 pp)
  calib 1  FUSION=W32A4  fusion only: clip 99.9                        63.67%  (  -0.35 pp)
  calib 1  FUSION=W32A4  fusion only: clip 99                          63.77%  (  -0.25 pp)
  calib 1  FUSION=W32A4  fusion only: one scale per branch             57.03%  (  -6.98 pp)
  calib 1  FUSION=W32A4  fusion only: one scale per channel            58.51%  (  -5.51 pp)
  calib 1  all=W32A4     whole: one scale per fusion branch            27.20%  ( -36.82 pp)
  calib 1  all=W4A4      whole: one scale per fusion branch            23.51%  ( -40.50 pp)
  calib 1  all=W32A4     whole: one scale per channel (upper bound)    59.59%  (  -4.43 pp)
  calib 2  all=W4A4      whole: min-max                                24.01%  ( -40.01 pp)
  calib 2  all=W4A4      whole: clip 99.99                             53.57%  ( -10.45 pp)
  calib 2  all=W4A4      whole: clip 99.9                              60.00%  (  -4.02 pp)
  calib 2  all=W4A4      whole: clip 99                                58.64%  (  -5.38 pp)
  calib 2  all=W32A4     whole: min-max                                29.00%  ( -35.01 pp)
  calib 2  all=W32A4     whole: clip 99.99                             57.31%  (  -6.70 pp)
  calib 2  all=W32A4     whole: clip 99.9                              61.96%  (  -2.06 pp)
  calib 2  all=W32A4     whole: clip 99                                59.60%  (  -4.42 pp)
  calib 2  FUSION=W32A4  fusion only: min-max (= Step 5)               56.29%  (  -7.72 pp)
  calib 2  FUSION=W32A4  fusion only: clip 99.9                        63.69%  (  -0.32 pp)
  calib 2  FUSION=W32A4  fusion only: clip 99                          63.72%  (  -0.30 pp)
  calib 2  FUSION=W32A4  fusion only: one scale per branch             57.30%  (  -6.72 pp)
  calib 2  FUSION=W32A4  fusion only: one scale per channel            58.20%  (  -5.81 pp)
  calib 2  all=W32A4     whole: one scale per fusion branch            29.03%  ( -34.98 pp)
  calib 2  all=W4A4      whole: one scale per fusion branch            24.40%  ( -39.62 pp)
  calib 2  all=W32A4     whole: one scale per channel (upper bound)    60.64%  (  -3.38 pp)

Mean over models and calibration sets (change vs FP32, pp):
  all=W4A4      whole: min-max                                27.86%   -35.93  (sd models 5.07, runs -41.03 .. -28.97)
  all=W4A4      whole: clip 99.99                             52.71%   -11.08  (sd models 1.85, runs -13.34 .. -9.44)
  all=W4A4      whole: clip 99.9                              58.94%    -4.85  (sd models 0.90, runs -5.97 .. -3.98)
  all=W4A4      whole: clip 99                                56.96%    -6.83  (sd models 1.60, runs -8.81 .. -5.32)
  all=W32A4     whole: min-max                                29.67%   -34.12  (sd models 5.03, runs -39.85 .. -27.31)
  all=W32A4     whole: clip 99.99                             55.08%    -8.71  (sd models 2.76, runs -12.15 .. -6.18)
  all=W32A4     whole: clip 99.9                              60.69%    -3.09  (sd models 1.58, runs -5.00 .. -1.98)
  all=W32A4     whole: clip 99                                57.63%    -6.15  (sd models 2.04, runs -8.71 .. -4.42)
  FUSION=W32A4  fusion only: min-max (= Step 5)               57.82%    -5.96  (sd models 2.47, runs -8.30 .. -3.10)
  FUSION=W32A4  fusion only: clip 99.9                        63.35%    -0.43  (sd models 0.15, runs -0.63 .. -0.31)
  FUSION=W32A4  fusion only: clip 99                          63.32%    -0.47  (sd models 0.35, runs -0.89 .. -0.22)
  FUSION=W32A4  fusion only: one scale per branch             58.37%    -5.41  (sd models 2.41, runs -7.16 .. -2.47)
  FUSION=W32A4  fusion only: one scale per channel            59.06%    -4.72  (sd models 1.94, runs -6.08 .. -2.34)
  all=W32A4     whole: one scale per fusion branch            29.83%   -33.96  (sd models 4.81, runs -39.76 .. -27.41)
  all=W4A4      whole: one scale per fusion branch            27.42%   -36.37  (sd models 4.76, runs -40.50 .. -30.05)
  all=W32A4     whole: one scale per channel (upper bound)    58.82%    -4.97  (sd models 1.14, runs -6.47 .. -3.17)

Cross-check with Step 5 (FUSION=W32A4, 9 runs): largest difference 0.0000 pp -> PASS

wrote results/step6/: step6_summary.csv, step6_tests.csv, fusion_branches.csv, activation_ranges_*.csv, channel_ranges_*.csv
>>> paste results/step6/step6_summary.csv and results/step6/fusion_branches.csv
