nohup: ignoring input
[data] loaded cached split /home/abdoa/amc/IQFormer/dataset/RML2016.10a_dict.pkl.split_seed233_snr-20_18.npz

runs/iqformer_s1: FP32 63.44%
  all=W8A8                                    63.43%  delta   -0.01 pp  flips   636 (worse 177, better 173, McNemar p=0.873)  0.392 MB
  all=W6A6                                    63.00%  delta   -0.43 pp  flips  2813 (worse 890, better 699, McNemar p=1.83e-06)  0.305 MB
  all=W4A8                                    62.81%  delta   -0.63 pp  flips  3436 (worse 972, better 696, McNemar p=1.49e-11)  0.218 MB
  all=W4A6                                    62.43%  delta   -1.01 pp  flips  4779 (worse 1351, better 907, McNemar p=8.55e-21)  0.218 MB
  all=W4A4                                    34.47%  delta  -28.97 pp  flips 29513 (worse 15322, better 2575, McNemar p=0)  0.218 MB
  all=W3A8                                    56.59%  delta   -6.85 pp  flips 11532 (worse 4565, better 1550, McNemar p=0)  0.175 MB
  all=W2A2                                     9.82%  delta  -53.62 pp  flips 40507 (worse 24979, better 1388, McNemar p=0)  0.131 MB
  all=W8A32                                   63.43%  delta   -0.01 pp  flips   162 (worse 48, better 45, McNemar p=0.836)  0.392 MB
  all=W4A32                                   62.85%  delta   -0.59 pp  flips  3325 (worse 948, better 687, McNemar p=1.17e-10)  0.218 MB

runs/iqformer_s2: FP32 63.90%
  all=W8A8                                    63.89%  delta   -0.01 pp  flips   405 (worse 97, better 91, McNemar p=0.715)  0.392 MB
  all=W6A6                                    63.72%  delta   -0.18 pp  flips  1645 (worse 442, better 362, McNemar p=0.0053)  0.305 MB
  all=W4A8                                    63.34%  delta   -0.56 pp  flips  2610 (worse 768, better 520, McNemar p=5.08e-12)  0.218 MB
  all=W4A6                                    63.15%  delta   -0.75 pp  flips  3344 (worse 985, better 653, McNemar p=2.28e-16)  0.218 MB
  all=W4A4                                    26.14%  delta  -37.77 pp  flips 32876 (worse 18494, better 1877, McNemar p=0)  0.218 MB
  all=W3A8                                    60.66%  delta   -3.24 pp  flips  8980 (worse 3389, better 1963, McNemar p=1.66e-85)  0.175 MB
  all=W2A2                                     9.07%  delta  -54.83 pp  flips 41218 (worse 25638, better 1513, McNemar p=0)  0.131 MB
  all=W8A32                                   63.87%  delta   -0.03 pp  flips   150 (worse 40, better 25, McNemar p=0.0817)  0.392 MB
  all=W4A32                                   63.37%  delta   -0.53 pp  flips  2554 (worse 751, better 517, McNemar p=5.33e-11)  0.218 MB

runs/iqformer_s3: FP32 64.02%
  all=W8A8                                    63.99%  delta   -0.03 pp  flips   407 (worse 108, better 97, McNemar p=0.485)  0.392 MB
  all=W6A6                                    63.75%  delta   -0.27 pp  flips  2271 (worse 575, better 456, McNemar p=0.000234)  0.305 MB
  all=W4A8                                    63.45%  delta   -0.57 pp  flips  3461 (worse 858, better 608, McNemar p=7.09e-11)  0.218 MB
  all=W4A6                                    62.83%  delta   -1.19 pp  flips  5560 (worse 1437, better 915, McNemar p=3.96e-27)  0.218 MB
  all=W4A4                                    25.24%  delta  -38.78 pp  flips 32891 (worse 18398, better 1337, McNemar p=0)  0.218 MB
  all=W3A8                                    61.56%  delta   -2.45 pp  flips  6871 (worse 2929, better 1850, McNemar p=2.8e-55)  0.175 MB
  all=W2A2                                     9.49%  delta  -54.52 pp  flips 40928 (worse 25496, better 1506, McNemar p=0)  0.131 MB
  all=W8A32                                   64.04%  delta   +0.02 pp  flips   196 (worse 35, better 45, McNemar p=0.314)  0.392 MB
  all=W4A32                                   63.49%  delta   -0.53 pp  flips  3444 (worse 842, better 610, McNemar p=1.24e-09)  0.218 MB

wrote results/step4_whole_calib0/ptq_runs.csv and ptq_summary.csv
[data] loaded cached split /home/abdoa/amc/IQFormer/dataset/RML2016.10a_dict.pkl.split_seed233_snr-20_18.npz

runs/iqformer_s1: FP32 63.44%
  all=W8A8                                    63.44%  delta   -0.00 pp  flips   596 (worse 183, better 182, McNemar p=1)  0.392 MB
  all=W6A6                                    63.08%  delta   -0.35 pp  flips  2755 (worse 865, better 709, McNemar p=9.24e-05)  0.305 MB
  all=W4A8                                    62.85%  delta   -0.59 pp  flips  3339 (worse 946, better 688, McNemar p=1.88e-10)  0.218 MB
  all=W4A6                                    62.59%  delta   -0.85 pp  flips  4391 (worse 1284, better 910, McNemar p=1.44e-15)  0.218 MB
  all=W4A4                                    34.07%  delta  -29.37 pp  flips 29986 (worse 15782, better 2859, McNemar p=0)  0.218 MB
  all=W3A8                                    56.45%  delta   -6.99 pp  flips 11608 (worse 4626, better 1550, McNemar p=0)  0.175 MB
  all=W2A2                                     8.73%  delta  -54.70 pp  flips 40814 (worse 25347, better 1277, McNemar p=0)  0.131 MB
  all=W8A32                                   63.43%  delta   -0.01 pp  flips   162 (worse 48, better 45, McNemar p=0.836)  0.392 MB
  all=W4A32                                   62.85%  delta   -0.59 pp  flips  3325 (worse 948, better 687, McNemar p=1.17e-10)  0.218 MB

runs/iqformer_s2: FP32 63.90%
  all=W8A8                                    63.88%  delta   -0.03 pp  flips   437 (worse 114, better 101, McNemar p=0.413)  0.392 MB
  all=W6A6                                    63.71%  delta   -0.19 pp  flips  1667 (worse 488, better 404, McNemar p=0.00542)  0.305 MB
  all=W4A8                                    63.39%  delta   -0.52 pp  flips  2591 (worse 753, better 526, McNemar p=2.36e-10)  0.218 MB
  all=W4A6                                    63.02%  delta   -0.89 pp  flips  3210 (worse 1024, better 634, McNemar p=8.18e-22)  0.218 MB
  all=W4A4                                    25.32%  delta  -38.59 pp  flips 33147 (worse 18928, better 1949, McNemar p=0)  0.218 MB
  all=W3A8                                    60.52%  delta   -3.38 pp  flips  8962 (worse 3442, better 1953, McNemar p=2.04e-92)  0.175 MB
  all=W2A2                                     9.09%  delta  -54.81 pp  flips 41211 (worse 25633, better 1516, McNemar p=0)  0.131 MB
  all=W8A32                                   63.87%  delta   -0.03 pp  flips   150 (worse 40, better 25, McNemar p=0.0817)  0.392 MB
  all=W4A32                                   63.37%  delta   -0.53 pp  flips  2554 (worse 751, better 517, McNemar p=5.33e-11)  0.218 MB

runs/iqformer_s3: FP32 64.02%
  all=W8A8                                    63.98%  delta   -0.03 pp  flips   408 (worse 107, better 93, McNemar p=0.358)  0.392 MB
  all=W6A6                                    63.80%  delta   -0.22 pp  flips  1763 (worse 457, better 360, McNemar p=0.000773)  0.305 MB
  all=W4A8                                    63.47%  delta   -0.54 pp  flips  3474 (worse 853, better 614, McNemar p=4.75e-10)  0.218 MB
  all=W4A6                                    63.16%  delta   -0.85 pp  flips  4329 (worse 1123, better 747, McNemar p=3.29e-18)  0.218 MB
  all=W4A4                                    22.99%  delta  -41.03 pp  flips 34173 (worse 19499, better 1448, McNemar p=0)  0.218 MB
  all=W3A8                                    61.58%  delta   -2.44 pp  flips  6828 (worse 2906, better 1833, McNemar p=3.91e-55)  0.175 MB
  all=W2A2                                     9.46%  delta  -54.55 pp  flips 40913 (worse 25508, better 1505, McNemar p=0)  0.131 MB
  all=W8A32                                   64.04%  delta   +0.02 pp  flips   196 (worse 35, better 45, McNemar p=0.314)  0.392 MB
  all=W4A32                                   63.49%  delta   -0.53 pp  flips  3444 (worse 842, better 610, McNemar p=1.24e-09)  0.218 MB

wrote results/step4_whole_calib1/ptq_runs.csv and ptq_summary.csv
[data] loaded cached split /home/abdoa/amc/IQFormer/dataset/RML2016.10a_dict.pkl.split_seed233_snr-20_18.npz

runs/iqformer_s1: FP32 63.44%
  all=W8A8                                    63.42%  delta   -0.01 pp  flips   633 (worse 202, better 196, McNemar p=0.802)  0.392 MB
  all=W6A6                                    62.86%  delta   -0.58 pp  flips  3073 (worse 1017, better 762, McNemar p=1.62e-09)  0.305 MB
  all=W4A8                                    62.79%  delta   -0.65 pp  flips  3562 (worse 995, better 709, McNemar p=4.51e-12)  0.218 MB
  all=W4A6                                    62.28%  delta   -1.15 pp  flips  5022 (worse 1429, better 921, McNemar p=8.68e-26)  0.218 MB
  all=W4A4                                    31.10%  delta  -32.33 pp  flips 31098 (worse 16799, better 2572, McNemar p=0)  0.218 MB
  all=W3A8                                    56.45%  delta   -6.99 pp  flips 11520 (worse 4614, better 1537, McNemar p=0)  0.175 MB
  all=W2A2                                     8.78%  delta  -54.66 pp  flips 40951 (worse 25445, better 1396, McNemar p=0)  0.131 MB
  all=W8A32                                   63.43%  delta   -0.01 pp  flips   162 (worse 48, better 45, McNemar p=0.836)  0.392 MB
  all=W4A32                                   62.85%  delta   -0.59 pp  flips  3325 (worse 948, better 687, McNemar p=1.17e-10)  0.218 MB

runs/iqformer_s2: FP32 63.90%
  all=W8A8                                    63.94%  delta   +0.03 pp  flips   440 (worse 91, better 106, McNemar p=0.319)  0.392 MB
  all=W6A6                                    63.74%  delta   -0.16 pp  flips  1687 (worse 461, better 389, McNemar p=0.0148)  0.305 MB
  all=W4A8                                    63.36%  delta   -0.55 pp  flips  2612 (worse 762, better 521, McNemar p=1.82e-11)  0.218 MB
  all=W4A6                                    63.10%  delta   -0.80 pp  flips  3459 (worse 1018, better 665, McNemar p=7.2e-18)  0.218 MB
  all=W4A4                                    27.39%  delta  -36.51 pp  flips 32293 (worse 17892, better 1826, McNemar p=0)  0.218 MB
  all=W3A8                                    60.60%  delta   -3.30 pp  flips  8906 (worse 3390, better 1936, McNemar p=2.66e-89)  0.175 MB
  all=W2A2                                     9.59%  delta  -54.31 pp  flips 40980 (worse 25406, better 1509, McNemar p=0)  0.131 MB
  all=W8A32                                   63.87%  delta   -0.03 pp  flips   150 (worse 40, better 25, McNemar p=0.0817)  0.392 MB
  all=W4A32                                   63.37%  delta   -0.53 pp  flips  2554 (worse 751, better 517, McNemar p=5.33e-11)  0.218 MB

runs/iqformer_s3: FP32 64.02%
  all=W8A8                                    63.97%  delta   -0.04 pp  flips   358 (worse 97, better 78, McNemar p=0.173)  0.392 MB
  all=W6A6                                    63.76%  delta   -0.25 pp  flips  2398 (worse 589, better 478, McNemar p=0.000751)  0.305 MB
  all=W4A8                                    63.55%  delta   -0.47 pp  flips  3358 (worse 814, better 608, McNemar p=5.17e-08)  0.218 MB
  all=W4A6                                    62.88%  delta   -1.14 pp  flips  5230 (worse 1341, better 841, McNemar p=7.4e-27)  0.218 MB
  all=W4A4                                    24.01%  delta  -40.01 pp  flips 33649 (worse 18995, better 1391, McNemar p=0)  0.218 MB
  all=W3A8                                    61.56%  delta   -2.46 pp  flips  6906 (worse 2928, better 1847, McNemar p=1.59e-55)  0.175 MB
  all=W2A2                                     9.30%  delta  -54.72 pp  flips 40979 (worse 25577, better 1502, McNemar p=0)  0.131 MB
  all=W8A32                                   64.04%  delta   +0.02 pp  flips   196 (worse 35, better 45, McNemar p=0.314)  0.392 MB
  all=W4A32                                   63.49%  delta   -0.53 pp  flips  3444 (worse 842, better 610, McNemar p=1.24e-09)  0.218 MB

wrote results/step4_whole_calib2/ptq_runs.csv and ptq_summary.csv
calib                           0      1      2   mean  range_pp   fp32  change_pp
spec      run                                                                     
all=W8A8  runs/iqformer_s1  63.43  63.44  63.42  63.43      0.01  63.44      -0.01
          runs/iqformer_s2  63.89  63.88  63.94  63.90      0.06  63.90      -0.00
          runs/iqformer_s3  63.99  63.98  63.97  63.98      0.02  64.02      -0.03
all=W6A6  runs/iqformer_s1  63.00  63.08  62.86  62.98      0.22  63.44      -0.46
          runs/iqformer_s2  63.72  63.71  63.74  63.73      0.03  63.90      -0.18
          runs/iqformer_s3  63.75  63.80  63.76  63.77      0.05  64.02      -0.25
all=W4A8  runs/iqformer_s1  62.81  62.85  62.79  62.82      0.06  63.44      -0.62
          runs/iqformer_s2  63.34  63.39  63.36  63.36      0.05  63.90      -0.54
          runs/iqformer_s3  63.45  63.47  63.55  63.49      0.10  64.02      -0.53
all=W4A6  runs/iqformer_s1  62.43  62.59  62.28  62.43      0.30  63.44      -1.00
          runs/iqformer_s2  63.15  63.02  63.10  63.09      0.13  63.90      -0.81
          runs/iqformer_s3  62.83  63.16  62.88  62.96      0.33  64.02      -1.06
all=W4A4  runs/iqformer_s1  34.47  34.07  31.10  33.21      3.36  63.44     -30.22
          runs/iqformer_s2  26.14  25.32  27.39  26.28      2.07  63.90     -37.62
          runs/iqformer_s3  25.24  22.99  24.01  24.08      2.25  64.02     -39.94
all=W3A8  runs/iqformer_s1  56.59  56.45  56.45  56.49      0.14  63.44      -6.95
          runs/iqformer_s2  60.66  60.52  60.60  60.59      0.14  63.90      -3.31
          runs/iqformer_s3  61.56  61.58  61.56  61.57      0.02  64.02      -2.45
all=W2A2  runs/iqformer_s1   9.82   8.73   8.78   9.11      1.09  63.44     -54.33
          runs/iqformer_s2   9.07   9.09   9.59   9.25      0.52  63.90     -54.65
          runs/iqformer_s3   9.49   9.46   9.30   9.42      0.19  64.02     -54.60
all=W8A32 runs/iqformer_s1  63.43  63.43  63.43  63.43      0.00  63.44      -0.01
          runs/iqformer_s2  63.87  63.87  63.87  63.87      0.00  63.90      -0.03
          runs/iqformer_s3  64.04  64.04  64.04  64.04      0.00  64.02       0.02
all=W4A32 runs/iqformer_s1  62.85  62.85  62.85  62.85      0.00  63.44      -0.59
          runs/iqformer_s2  63.37  63.37  63.37  63.37      0.00  63.90      -0.53
          runs/iqformer_s3  63.49  63.49  63.49  63.49      0.00  64.02      -0.53

Per precision (mean over models of the mean over calibration sets):
           models  acc_mean  acc_sd_models  change_pp  worst_range_pp
spec                                                                 
all=W8A8        3     63.77           0.30      -0.01            0.06
all=W6A6        3     63.49           0.44      -0.29            0.22
all=W4A8        3     63.22           0.36      -0.56            0.10
all=W4A6        3     62.83           0.35      -0.96            0.33
all=W4A4        3     27.86           4.77     -35.93            3.36
all=W3A8        3     59.55           2.69      -4.23            0.14
all=W2A2        3      9.26           0.15     -54.52            1.09
all=W8A32       3     63.78           0.31      -0.01            0.00
all=W4A32       3     63.24           0.34      -0.55            0.00

wrote results/step4_whole_calib_detail.csv and results/step4_whole_calib_summary.csv
